POST Data: Array
(
    [title] => Kathmandu night fun
    [category] => NIGHTLIFE
    [event_type] => Community
    [language] => Both
    [age_group] => All Ages
    [tags] => fun
    [description] => dhjsgfd
    [what_to_expect] => sdhjgdf
    [start_date] => 2026-05-01
    [end_date] => 2026-05-28
    [start_time] => 02:29
    [end_time] => 08:29
    [recurring_frequency] => Daily
    [venue_name] => thamel
    [full_address] => thamel marg
    [region] => Kathmandu Valley
    [google_maps_link] => 
    [is_paid] => 1
    [price_npr] => 500
    [registration_url] => 
    [seats] => 100
    [selling_fast_threshold] => 80
    [organizer_name] => sanopaila
    [organizer_contact] => 9869333034
    [organizer_email] => np03cs4a240205@heraldcollege.edu.np
    [organizer_website] => 
    [organizer_facebook] => 
    [organizer_instagram] => 
    [raffle_draw_time] => 
    [raffle_entry_fee] => 
    [raffle_prize_1] => 
    [raffle_prize_2] => 
    [free_parking] => 1
    [month] => MAY
    [id] => 
    [image_path] => 
    [gallery_images] => 
    [is_premium] => 0
)

POST Data: Array
(
    [title] => Kathmandu Fun
    [category] => FESTIVAL
    [event_type] => Community
    [language] => Both
    [age_group] => All Ages
    [tags] => fun
    [description] => sdfjhsdgf
    [what_to_expect] => dskfuhsdgfuds
    [start_date] => 2026-05-01
    [end_date] => 2026-05-12
    [start_time] => 01:51
    [end_time] => 00:51
    [recurring_frequency] => Daily
    [venue_name] => thamel
    [full_address] => thamel marg
    [region] => Kathmandu Valley
    [google_maps_link] => 
    [is_paid] => 1
    [price_npr] => 500
    [registration_url] => 
    [seats] => 100
    [selling_fast_threshold] => 80
    [organizer_name] => sanopaila
    [organizer_contact] => 9869333034
    [organizer_email] => np03cs4a240205@heraldcollege.edu.np
    [organizer_website] => 
    [organizer_facebook] => 
    [organizer_instagram] => 
    [raffle_draw_time] => 
    [raffle_entry_fee] => 
    [raffle_prize_1] => 
    [raffle_prize_2] => 
    [free_parking] => 1
    [month] => MAY
    [id] => 
    [image_path] => 
    [gallery_images] => 
    [is_premium] => 0
)

POST Data: Array
(
    [title] => bdvhjfds
    [category] => FESTIVAL
    [event_type] => Community
    [language] => Both
    [age_group] => All Ages
    [tags] => fun
    [description] => dsfmb
    [what_to_expect] => cdjhb
    [start_date] => 2026-04-27
    [end_date] => 2026-05-28
    [start_time] => 00:28
    [end_time] => 06:26
    [recurring_frequency] => Daily
    [venue_name] => thamel
    [full_address] => thamel marg
    [region] => Kathmandu Valley
    [google_maps_link] => 
    [is_paid] => 0
    [price_npr] => 500
    [registration_url] => 
    [seats] => 100
    [selling_fast_threshold] => 80
    [organizer_name] => sanopaila
    [organizer_contact] => 9869333034
    [organizer_email] => np03cs4a240205@heraldcollege.edu.np
    [organizer_website] => 
    [organizer_facebook] => 
    [organizer_instagram] => 
    [raffle_draw_time] => 
    [raffle_entry_fee] => 
    [raffle_prize_1] => 
    [raffle_prize_2] => 
    [free_parking] => 1
    [month] => APR
    [id] => 
    [image_path] => 
    [gallery_images] => 
    [is_premium] => 0
)

POST Data: Array
(
    [title] => Test Upload Event
    [category] => FESTIVAL
    [event_type] => Community
    [language] => Both
    [age_group] => All Ages
    [tags] => 
    [description] => This is a test event to verify image upload fix.
    [what_to_expect] => Detailed description of the test event to verify the uploaded cover image.
    [start_date] => 2026-05-30
    [end_date] => 
    [start_time] => 
    [end_time] => 
    [recurring_frequency] => Daily
    [venue_name] => Pokhara
    [full_address] => 
    [region] => Kathmandu Valley
    [google_maps_link] => 
    [is_paid] => 0
    [price_npr] => 
    [registration_url] => 
    [seats] => 
    [unlimited_seats] => on
    [selling_fast_threshold] => 80
    [organizer_name] => Test User
    [organizer_contact] => 
    [organizer_email] => 
    [organizer_website] => 
    [organizer_facebook] => 
    [organizer_instagram] => 
    [raffle_draw_time] => 
    [raffle_entry_fee] => 
    [raffle_prize_1] => 
    [raffle_prize_2] => 
    [month] => MAY
    [id] => 
    [image_path] => 
    [gallery_images] => 
    [is_premium] => 0
)

POST Data: Array
(
    [title] => fhjdsg
    [category] => FESTIVAL
    [event_type] => Community
    [language] => Both
    [age_group] => All Ages
    [tags] => fun
    [description] => dhmfb
    [what_to_expect] => fdshfgd
    [start_date] => 2026-05-03
    [end_date] => 2026-05-27
    [start_time] => 09:18
    [end_time] => 02:18
    [recurring_frequency] => Daily
    [venue_name] => thamel
    [full_address] => thamel marg
    [region] => Kathmandu Valley
    [google_maps_link] => 
    [is_paid] => 1
    [price_npr] => 500
    [registration_url] => 
    [seats] => 100
    [selling_fast_threshold] => 80
    [organizer_name] => sanopaila
    [organizer_contact] => 9869333034
    [organizer_email] => np03cs4a240205@heraldcollege.edu.np
    [organizer_website] => 
    [organizer_facebook] => 
    [organizer_instagram] => 
    [raffle_draw_time] => 
    [raffle_entry_fee] => 
    [raffle_prize_1] => 
    [raffle_prize_2] => 
    [free_parking] => 1
    [month] => MAY
    [id] => 
    [image_path] => 
    [gallery_images] => 
    [is_premium] => 0
)

POST Data: Array
(
    [title] => haha
    [category] => FESTIVAL
    [event_type] => Community
    [language] => Both
    [age_group] => All Ages
    [tags] => 
    [description] => aokshiahs
    [what_to_expect] => ahjbdhvahd
    [start_date] => 2026-05-21
    [end_date] => 2026-05-20
    [start_time] => 
    [end_time] => 
    [recurring_frequency] => Daily
    [venue_name] => Pokhara
    [full_address] => pok
    [region] => Kathmandu Valley
    [google_maps_link] => 
    [is_paid] => 0
    [price_npr] => 
    [registration_url] => 
    [seats] => 
    [unlimited_seats] => on
    [selling_fast_threshold] => 80
    [organizer_name] => sano paila
    [organizer_contact] => 
    [organizer_email] => 
    [organizer_website] => 
    [organizer_facebook] => 
    [organizer_instagram] => 
    [is_featured] => on
    [homepage_spotlight] => on
    [raffle_draw_time] => 
    [raffle_entry_fee] => 
    [raffle_prize_1] => 
    [raffle_prize_2] => 
    [free_parking] => 1
    [month] => MAY
    [id] => 
    [image_path] => 
    [gallery_images] => 
    [is_premium] => 1
)

POST Data: Array
(
    [title] => jhgfdf
    [category] => FESTIVAL
    [event_type] => Community
    [language] => Both
    [age_group] => All Ages
    [tags] => jkfhs
    [description] => dsfnm
    [what_to_expect] => dsfjb
    [start_date] => 2026-05-03
    [end_date] => 2026-05-20
    [start_time] => 09:31
    [end_time] => 02:32
    [recurring_frequency] => Daily
    [venue_name] => thamel
    [full_address] => thamel marg
    [region] => Kathmandu Valley
    [google_maps_link] => 
    [is_paid] => 0
    [price_npr] => 500
    [registration_url] => 
    [seats] => 100
    [selling_fast_threshold] => 80
    [organizer_name] => sanopaila
    [organizer_contact] => 9869333034
    [organizer_email] => np03cs4a240205@heraldcollege.edu.np
    [organizer_website] => 
    [organizer_facebook] => 
    [organizer_instagram] => 
    [is_featured] => on
    [homepage_spotlight] => on
    [raffle_draw_time] => 
    [raffle_entry_fee] => 
    [raffle_prize_1] => 
    [raffle_prize_2] => 
    [free_parking] => 1
    [month] => MAY
    [id] => 
    [image_path] => 
    [gallery_images] => 
    [is_premium] => 1
)

POST Data: Array
(
    [title] => dsgh
    [category] => FESTIVAL
    [event_type] => Community
    [language] => Both
    [age_group] => All Ages
    [tags] => adhjsg
    [description] => adsgh
    [what_to_expect] => dsahjg

    [start_date] => 2026-05-10
    [end_date] => 2026-05-27
    [start_time] => 08:42
    [end_time] => 01:42
    [recurring_frequency] => Daily
    [venue_name] => Pokhara
    [full_address] => pok
    [region] => Kathmandu Valley
    [google_maps_link] => 
    [is_paid] => 0
    [price_npr] => 500
    [registration_url] => 
    [seats] => 100
    [selling_fast_threshold] => 80
    [organizer_name] => sano paila
    [organizer_contact] => 
    [organizer_email] => 
    [organizer_website] => 
    [organizer_facebook] => 
    [organizer_instagram] => 
    [is_featured] => on
    [homepage_spotlight] => on
    [raffle_draw_time] => 
    [raffle_entry_fee] => 
    [raffle_prize_1] => 
    [raffle_prize_2] => 
    [free_parking] => 1
    [month] => MAY
    [id] => 
    [image_path] => 
    [gallery_images] => 
    [is_premium] => 1
)

POST Data: Array
(
    [title] => Mountain
    [category] => NATURE
    [event_type] => Community
    [language] => Both
    [age_group] => All Ages
    [tags] => Experience the thrill of the mountains.
    [description] => Nepal is home to eight of the world's fourteen highest peaks over \(8,000\) meters, including the highest point on Earth, Mount Everest (\(8,848.86\te
    [what_to_expect] => Nepal also home to Himalayas i.e.Himal meaning Mountains in (Nepali) and Laye mean Land in (Nepali)]. Almost all of Nepal is mountainous and it contains a large section of the Himalayas range peaks including the highest mountain range in the world. Eight of the fourteen eight-thousanders are located in the country, either in whole or shared across a border with China or India. Nepal has the highest mountain in the world, Mount Everest at a height of 8,848.86m as well as 1,310 peaks over 6,000 m 
    [start_date] => 2026-05-21
    [end_date] => 2026-05-21
    [start_time] => 
    [end_time] => 
    [recurring_frequency] => Daily
    [venue_name] => Mount Evrest
    [full_address] => thamel marg
    [region] => Kathmandu Valley
    [google_maps_link] => 
    [is_paid] => 0
    [price_npr] => 
    [registration_url] => 
    [seats] => 
    [unlimited_seats] => on
    [selling_fast_threshold] => 80
    [organizer_name] => sanopaila
    [organizer_contact] => 9856542566
    [organizer_email] => np03cs4a240205@heraldcollege.edu.np
    [organizer_website] => 
    [organizer_facebook] => 
    [organizer_instagram] => 
    [is_featured] => on
    [homepage_spotlight] => on
    [raffle_draw_time] => 
    [raffle_entry_fee] => 
    [raffle_prize_1] => 
    [raffle_prize_2] => 
    [month] => MAY
    [id] => 
    [image_path] => 
    [gallery_images] => 
    [is_premium] => 1
)

POST Data: Array
(
    [title] => jfvhfdg
    [category] => FESTIVAL
    [event_type] => Community
    [language] => Both
    [age_group] => All Ages
    [tags] => djfhbds
    [description] => dfkjghk
    [what_to_expect] => fdkgjhf
    [start_date] => 2026-05-03
    [end_date] => 2026-05-20
    [start_time] => 20:31
    [end_time] => 12:31
    [recurring_frequency] => Daily
    [venue_name] => thamel
    [full_address] => thamel marg
    [region] => Kathmandu Valley
    [google_maps_link] => 
    [is_paid] => 1
    [price_npr] => 500
    [registration_url] => 
    [seats] => 100
    [selling_fast_threshold] => 80
    [organizer_name] => sanopaila
    [organizer_contact] => 9869333034
    [organizer_email] => np03cs4a240205@heraldcollege.edu.np
    [organizer_website] => 
    [organizer_facebook] => 
    [organizer_instagram] => 
    [raffle_draw_time] => 
    [raffle_entry_fee] => 
    [raffle_prize_1] => 
    [raffle_prize_2] => 
    [free_parking] => 1
    [month] => MAY
    [id] => 
    [image_path] => 
    [gallery_images] => 
    [is_premium] => 0
)

POST Data: Array
(
    [title] => gfd
    [category] => FESTIVAL
    [event_type] => Community
    [language] => Both
    [age_group] => All Ages
    [tags] => 
    [description] => df
    [what_to_expect] => gdf
    [start_date] => 2026-05-03
    [end_date] => 2026-05-19
    [start_time] => 21:36
    [end_time] => 12:36
    [recurring_frequency] => Daily
    [venue_name] => thamel
    [full_address] => thamel marg
    [region] => Kathmandu Valley
    [google_maps_link] => 
    [is_paid] => 0
    [price_npr] => 500
    [registration_url] => 
    [seats] => 100
    [selling_fast_threshold] => 80
    [organizer_name] => sanopaila
    [organizer_contact] => 9869333034
    [organizer_email] => np03cs4a240205@heraldcollege.edu.np
    [organizer_website] => 
    [organizer_facebook] => 
    [organizer_instagram] => 
    [is_featured] => on
    [homepage_spotlight] => on
    [raffle_draw_time] => 
    [raffle_entry_fee] => 
    [raffle_prize_1] => 
    [raffle_prize_2] => 
    [free_parking] => 1
    [month] => MAY
    [id] => 
    [image_path] => 
    [gallery_images] => 
    [is_premium] => 1
)

POST Data: Array
(
    [title] => Mountains of Nepal
    [category] => NATURE
    [event_type] => Community
    [language] => Both
    [age_group] => All Ages
    [tags] => Experience the thrill of the mountains.
    [description] => Nepal is home to eight of the world's fourteen highest peaks over \(8,000\) meters, including the highest point on Earth, Mount Everest (\(8,848.86\te
    [what_to_expect] => Nepal also home to Himalayas i.e.Himal meaning Mountains in (Nepali) and Laye mean Land in (Nepali)]. Almost all of Nepal is mountainous and it contains a large section of the Himalayas range peaks including the highest mountain range in the world. Eight of the fourteen eight-thousanders are located in the country, either in whole or shared across a border with China or India. Nepal has the highest mountain in the world, Mount Everest at a height of 8,848.86m as well as 1,310 peaks over 6,000 m 
    [start_date] => 2026-05-21
    [end_date] => 2026-05-21
    [start_time] => 22:27
    [end_time] => 17:27
    [recurring_frequency] => Daily
    [venue_name] => Mount Evrest
    [full_address] => thamel marg
    [region] => Kathmandu Valley
    [google_maps_link] => 
    [is_paid] => 0
    [price_npr] => 0.00
    [registration_url] => 
    [seats] => 0
    [unlimited_seats] => on
    [selling_fast_threshold] => 80
    [organizer_name] => sanopaila
    [organizer_contact] => 9856542566
    [organizer_email] => np03cs4a240205@heraldcollege.edu.np
    [organizer_website] => 
    [organizer_facebook] => 
    [organizer_instagram] => 
    [is_featured] => on
    [homepage_spotlight] => on
    [raffle_draw_time] => 
    [raffle_entry_fee] => 0.00
    [raffle_prize_1] => 
    [raffle_prize_2] => 
    [month] => MAY
    [id] => 53
    [image_path] => images/uploads/1779187425_images mountains.jpg
    [gallery_images] => images/uploads/1779187425_gallery_0_image.png,images/uploads/1779187425_gallery_1_image2.png,images/uploads/1779187425_gallery_2_133915380227461694.jpg
    [is_premium] => 1
)

POST Data: Array
(
    [title] => Mountains
    [category] => NATURE
    [event_type] => Community
    [language] => Both
    [age_group] => All Ages
    [tags] => Experience the thrill of the mountains.
    [description] => Nepal is home to eight of the world's fourteen highest peaks over \(8,000\) meters, including the highest point on Earth, Mount Everest (\(8,848.86\te
    [what_to_expect] => Nepal also home to Himalayas i.e.Himal meaning Mountains in (Nepali) and Laye mean Land in (Nepali)]. Almost all of Nepal is mountainous and it contains a large section of the Himalayas range peaks including the highest mountain range in the world. Eight of the fourteen eight-thousanders are located in the country, either in whole or shared across a border with China or India. Nepal has the highest mountain in the world, Mount Everest at a height of 8,848.86m as well as 1,310 peaks over 6,000 m 
    [start_date] => 2026-05-21
    [end_date] => 2026-05-21
    [start_time] => 22:27
    [end_time] => 21:27
    [recurring_frequency] => Daily
    [venue_name] => Mount Evrest
    [full_address] => thamel marg
    [region] => Kathmandu Valley
    [google_maps_link] => 
    [is_paid] => 0
    [price_npr] => 0.00
    [registration_url] => 
    [seats] => 100
    [selling_fast_threshold] => 80
    [organizer_name] => sanopaila
    [organizer_contact] => 9856542566
    [organizer_email] => np03cs4a240205@heraldcollege.edu.np
    [organizer_website] => 
    [organizer_facebook] => 
    [organizer_instagram] => 
    [is_featured] => on
    [homepage_spotlight] => on
    [raffle_draw_time] => 
    [raffle_entry_fee] => 0.00
    [raffle_prize_1] => 
    [raffle_prize_2] => 
    [free_parking] => 1
    [month] => MAY
    [id] => 53
    [image_path] => images/uploads/1779187425_images mountains.jpg
    [gallery_images] => images/uploads/1779187425_gallery_0_image.png,images/uploads/1779187425_gallery_1_image2.png,images/uploads/1779187425_gallery_2_133915380227461694.jpg
    [is_premium] => 1
)

POST Data: Array
(
    [title] => Bijay
    [category] => FESTIVAL
    [event_type] => Community
    [language] => Both
    [age_group] => All Ages
    [tags] => fun
    [description] => dsfmb
    [what_to_expect] => cdjhb
    [start_date] => 2026-04-27
    [end_date] => 2026-05-28
    [start_time] => 00:28
    [end_time] => 06:26
    [recurring_frequency] => Daily
    [venue_name] => thamel
    [full_address] => thamel marg
    [region] => Kathmandu Valley
    [google_maps_link] => 
    [is_paid] => 0
    [price_npr] => 500.00
    [registration_url] => 
    [seats] => 100
    [selling_fast_threshold] => 80
    [organizer_name] => sanopaila
    [organizer_contact] => 9869333034
    [organizer_email] => np03cs4a240205@heraldcollege.edu.np
    [organizer_website] => 
    [organizer_facebook] => 
    [organizer_instagram] => 
    [raffle_draw_time] => 
    [raffle_entry_fee] => 0.00
    [raffle_prize_1] => 
    [raffle_prize_2] => 
    [free_parking] => 1
    [month] => APR
    [id] => 47
    [image_path] => images/placeholder_event.jpg
    [gallery_images] => images/uploads/1779043333_gallery_0_data flow.png
    [is_premium] => 0
)

POST Data: Array
(
    [title] => hgjdf
    [category] => FESTIVAL
    [event_type] => Community
    [language] => Both
    [age_group] => All Ages
    [tags] => sdfh
    [description] => dsfd
    [what_to_expect] => fg
    [start_date] => 2026-05-05
    [end_date] => 2026-05-28
    [start_time] => 23:49
    [end_time] => 14:49
    [recurring_frequency] => Daily
    [venue_name] => thamel
    [full_address] => thamel marg
    [region] => Kathmandu Valley
    [google_maps_link] => 
    [is_paid] => 0
    [price_npr] => 
    [registration_url] => 
    [seats] => 100
    [selling_fast_threshold] => 80
    [organizer_name] => sanopaila
    [organizer_contact] => 9856542566
    [organizer_email] => np03cs4a240205@heraldcollege.edu.np
    [organizer_website] => 
    [organizer_facebook] => 
    [organizer_instagram] => 
    [raffle_draw_time] => 
    [raffle_entry_fee] => 
    [raffle_prize_1] => 
    [raffle_prize_2] => 
    [free_parking] => 1
    [month] => MAY
    [id] => 
    [image_path] => 
    [gallery_images] => 
    [is_premium] => 0
)

POST Data: Array
(
    [title] => Kathmandu night fun
    [category] => NIGHTLIFE
    [event_type] => Community
    [language] => Both
    [age_group] => All Ages
    [tags] => fun
    [description] => dhjsgfd
    [what_to_expect] => sdhjgdf
    [start_date] => 2026-05-01
    [end_date] => 2026-05-28
    [start_time] => 02:29
    [end_time] => 08:29
    [recurring_frequency] => Daily
    [venue_name] => thamel
    [full_address] => thamel marg
    [region] => Kathmandu Valley
    [google_maps_link] => 
    [is_paid] => 1
    [price_npr] => 1000
    [registration_url] => 
    [seats] => 100
    [selling_fast_threshold] => 80
    [organizer_name] => sanopaila
    [organizer_contact] => 9869333034
    [organizer_email] => np03cs4a240205@heraldcollege.edu.np
    [organizer_website] => 
    [organizer_facebook] => 
    [organizer_instagram] => 
    [raffle_draw_time] => 
    [raffle_entry_fee] => 0.00
    [raffle_prize_1] => 
    [raffle_prize_2] => 
    [free_parking] => 1
    [month] => MAY
    [id] => 45
    [image_path] => images/placeholder_event.jpg
    [gallery_images] => 
    [is_premium] => 0
)

POST Data: Array
(
    [title] => Mountains of nepal
    [category] => NATURE
    [event_type] => Community
    [language] => Both
    [age_group] => All Ages
    [tags] => Experience the thrill of the mountains.
    [description] => Nepal is home to eight of the world's fourteen highest peaks over \(8,000\) meters, including the highest point on Earth, Mount Everest (\(8,848.86\te
    [what_to_expect] => Nepal also home to Himalayas i.e.Himal meaning Mountains in (Nepali) and Laye mean Land in (Nepali)]. Almost all of Nepal is mountainous and it contains a large section of the Himalayas range peaks including the highest mountain range in the world. Eight of the fourteen eight-thousanders are located in the country, either in whole or shared across a border with China or India. Nepal has the highest mountain in the world, Mount Everest at a height of 8,848.86m as well as 1,310 peaks over 6,000 m 
    [start_date] => 2026-05-21
    [end_date] => 2026-05-21
    [start_time] => 22:27
    [end_time] => 21:27
    [recurring_frequency] => Daily
    [venue_name] => Mount Evrest
    [full_address] => thamel marg
    [region] => Kathmandu Valley
    [google_maps_link] => 
    [is_paid] => 0
    [price_npr] => 0.00
    [registration_url] => 
    [seats] => 100
    [selling_fast_threshold] => 80
    [organizer_name] => sanopaila
    [organizer_contact] => 9856542566
    [organizer_email] => np03cs4a240205@heraldcollege.edu.np
    [organizer_website] => 
    [organizer_facebook] => 
    [organizer_instagram] => 
    [is_featured] => on
    [homepage_spotlight] => on
    [raffle_draw_time] => 
    [raffle_entry_fee] => 0.00
    [raffle_prize_1] => 
    [raffle_prize_2] => 
    [free_parking] => 1
    [month] => MAY
    [id] => 53
    [image_path] => images/uploads/1779187425_images mountains.jpg
    [gallery_images] => images/uploads/1779187425_gallery_0_image.png,images/uploads/1779187425_gallery_1_image2.png,images/uploads/1779187425_gallery_2_133915380227461694.jpg
    [is_premium] => 1
)

